<?php return array (
  0 => 'Symfony\\Bundle\\FrameworkBundle\\Controller\\AbstractController',
  1 => 'Symfony\\Bundle\\FrameworkBundle\\Controller\\Controller',
  2 => 'Doctrine\\Bundle\\DoctrineBundle\\Controller\\ProfilerController',
  3 => 'Doctrine\\ORM\\Cache\\Persister\\Entity\\AbstractEntityPersister',
  4 => 'Doctrine\\ORM\\Cache\\Persister\\Entity\\CachedEntityPersister',
  5 => 'Doctrine\\ORM\\Cache\\Persister\\Entity\\NonStrictReadWriteCachedEntityPersister',
  6 => 'Doctrine\\ORM\\Cache\\Persister\\Entity\\ReadOnlyCachedEntityPersister',
  7 => 'Doctrine\\ORM\\Cache\\Persister\\Entity\\ReadWriteCachedEntityPersister',
  8 => 'Doctrine\\ORM\\Persisters\\Entity\\AbstractEntityInheritancePersister',
  9 => 'Doctrine\\ORM\\Persisters\\Entity\\BasicEntityPersister',
  10 => 'Doctrine\\ORM\\Persisters\\Entity\\CachedPersisterContext',
  11 => 'Doctrine\\ORM\\Persisters\\Entity\\EntityPersister',
  12 => 'Doctrine\\ORM\\Persisters\\Entity\\JoinedSubclassPersister',
  13 => 'Doctrine\\ORM\\Persisters\\Entity\\SingleTablePersister',
  14 => 'PrestaShopBundle\\Controller\\Admin\\AddonsController',
  15 => 'PrestaShopBundle\\Controller\\Admin\\AttachementProductController',
  16 => 'PrestaShopBundle\\Controller\\Admin\\AttributeController',
  17 => 'PrestaShopBundle\\Controller\\Admin\\CategoryController',
  18 => 'PrestaShopBundle\\Controller\\Admin\\CombinationController',
  19 => 'PrestaShopBundle\\Controller\\Admin\\CommonController',
  20 => 'PrestaShopBundle\\Controller\\Admin\\Configure\\AdvancedParameters\\AdministrationController',
  21 => 'PrestaShopBundle\\Controller\\Admin\\Configure\\AdvancedParameters\\BackupController',
  22 => 'PrestaShopBundle\\Controller\\Admin\\Configure\\AdvancedParameters\\EmailController',
  23 => 'PrestaShopBundle\\Controller\\Admin\\Configure\\AdvancedParameters\\EmployeeController',
  24 => 'PrestaShopBundle\\Controller\\Admin\\Configure\\AdvancedParameters\\ImportController',
  25 => 'PrestaShopBundle\\Controller\\Admin\\Configure\\AdvancedParameters\\ImportDataConfigurationController',
  26 => 'PrestaShopBundle\\Controller\\Admin\\Configure\\AdvancedParameters\\LogsController',
  27 => 'PrestaShopBundle\\Controller\\Admin\\Configure\\AdvancedParameters\\MemcacheServerController',
  28 => 'PrestaShopBundle\\Controller\\Admin\\Configure\\AdvancedParameters\\PerformanceController',
  29 => 'PrestaShopBundle\\Controller\\Admin\\Configure\\AdvancedParameters\\ProfileController',
  30 => 'PrestaShopBundle\\Controller\\Admin\\Configure\\AdvancedParameters\\SqlManagerController',
  31 => 'PrestaShopBundle\\Controller\\Admin\\Configure\\AdvancedParameters\\SystemInformationController',
  32 => 'PrestaShopBundle\\Controller\\Admin\\Configure\\AdvancedParameters\\WebserviceController',
  33 => 'PrestaShopBundle\\Controller\\Admin\\Configure\\ShopParameters\\ContactsController',
  34 => 'PrestaShopBundle\\Controller\\Admin\\Configure\\ShopParameters\\CustomerPreferencesController',
  35 => 'PrestaShopBundle\\Controller\\Admin\\Configure\\ShopParameters\\MaintenanceController',
  36 => 'PrestaShopBundle\\Controller\\Admin\\Configure\\ShopParameters\\MetaController',
  37 => 'PrestaShopBundle\\Controller\\Admin\\Configure\\ShopParameters\\OrderPreferencesController',
  38 => 'PrestaShopBundle\\Controller\\Admin\\Configure\\ShopParameters\\PreferencesController',
  39 => 'PrestaShopBundle\\Controller\\Admin\\Configure\\ShopParameters\\ProductPreferencesController',
  40 => 'PrestaShopBundle\\Controller\\Admin\\Configure\\ShowcaseCardController',
  41 => 'PrestaShopBundle\\Controller\\Admin\\FeatureController',
  42 => 'PrestaShopBundle\\Controller\\Admin\\FrameworkBundleAdminController',
  43 => 'PrestaShopBundle\\Controller\\Admin\\Improve\\Design\\CmsPageController',
  44 => 'PrestaShopBundle\\Controller\\Admin\\Improve\\Design\\MailThemeController',
  45 => 'PrestaShopBundle\\Controller\\Admin\\Improve\\Design\\PositionsController',
  46 => 'PrestaShopBundle\\Controller\\Admin\\Improve\\Design\\ThemeCatalogController',
  47 => 'PrestaShopBundle\\Controller\\Admin\\Improve\\Design\\ThemeController',
  48 => 'PrestaShopBundle\\Controller\\Admin\\Improve\\International\\CurrencyController',
  49 => 'PrestaShopBundle\\Controller\\Admin\\Improve\\International\\GeolocationController',
  50 => 'PrestaShopBundle\\Controller\\Admin\\Improve\\International\\LanguageController',
  51 => 'PrestaShopBundle\\Controller\\Admin\\Improve\\International\\LocalizationController',
  52 => 'PrestaShopBundle\\Controller\\Admin\\Improve\\International\\StateController',
  53 => 'PrestaShopBundle\\Controller\\Admin\\Improve\\International\\TaxController',
  54 => 'PrestaShopBundle\\Controller\\Admin\\Improve\\ModuleController',
  55 => 'PrestaShopBundle\\Controller\\Admin\\Improve\\Modules\\AddonsStoreController',
  56 => 'PrestaShopBundle\\Controller\\Admin\\Improve\\Modules\\AlertsController',
  57 => 'PrestaShopBundle\\Controller\\Admin\\Improve\\Modules\\ModuleAbstractController',
  58 => 'PrestaShopBundle\\Controller\\Admin\\Improve\\Modules\\UpdatesController',
  59 => 'PrestaShopBundle\\Controller\\Admin\\Improve\\Payment\\PaymentMethodsController',
  60 => 'PrestaShopBundle\\Controller\\Admin\\Improve\\Payment\\PaymentPreferencesController',
  61 => 'PrestaShopBundle\\Controller\\Admin\\Improve\\Shipping\\PreferencesController',
  62 => 'PrestaShopBundle\\Controller\\Admin\\ProductController',
  63 => 'PrestaShopBundle\\Controller\\Admin\\ProductImageController',
  64 => 'PrestaShopBundle\\Controller\\Admin\\SecurityController',
  65 => 'PrestaShopBundle\\Controller\\Admin\\Sell\\Catalog\\CategoryController',
  66 => 'PrestaShopBundle\\Controller\\Admin\\Sell\\Catalog\\ManufacturerController',
  67 => 'PrestaShopBundle\\Controller\\Admin\\Sell\\Catalog\\SupplierController',
  68 => 'PrestaShopBundle\\Controller\\Admin\\Sell\\Customer\\CustomerController',
  69 => 'PrestaShopBundle\\Controller\\Admin\\Sell\\Order\\DeliveryController',
  70 => 'PrestaShopBundle\\Controller\\Admin\\Sell\\Order\\InvoicesController',
  71 => 'PrestaShopBundle\\Controller\\Admin\\SpecificPriceController',
  72 => 'PrestaShopBundle\\Controller\\Admin\\StockController',
  73 => 'PrestaShopBundle\\Controller\\Admin\\SupplierController',
  74 => 'PrestaShopBundle\\Controller\\Admin\\TranslationsController',
  75 => 'PrestaShopBundle\\Controller\\Admin\\VirtualProductController',
  76 => 'PrestaShopBundle\\Controller\\Admin\\WarehouseController',
  77 => 'PrestaShopBundle\\Controller\\Api\\ApiController',
  78 => 'PrestaShopBundle\\Controller\\Api\\AttributeController',
  79 => 'PrestaShopBundle\\Controller\\Api\\CategoryController',
  80 => 'PrestaShopBundle\\Controller\\Api\\FeatureController',
  81 => 'PrestaShopBundle\\Controller\\Api\\I18nController',
  82 => 'PrestaShopBundle\\Controller\\Api\\Improve\\Design\\PositionsController',
  83 => 'PrestaShopBundle\\Controller\\Api\\ManufacturerController',
  84 => 'PrestaShopBundle\\Controller\\Api\\StockController',
  85 => 'PrestaShopBundle\\Controller\\Api\\StockMovementController',
  86 => 'PrestaShopBundle\\Controller\\Api\\SupplierController',
  87 => 'PrestaShopBundle\\Controller\\Api\\TranslationController',
  88 => 'PrestaShopBundle\\Controller\\ArgumentResolver\\FiltersBuilderResolver',
  89 => 'PrestaShopBundle\\Controller\\ArgumentResolver\\SearchParametersResolver',
  90 => 'PrestaShopBundle\\Entity\\AdminFilter',
  91 => 'PrestaShopBundle\\Entity\\Attribute',
  92 => 'PrestaShopBundle\\Entity\\AttributeGroup',
  93 => 'PrestaShopBundle\\Entity\\AttributeGroupLang',
  94 => 'PrestaShopBundle\\Entity\\AttributeLang',
  95 => 'PrestaShopBundle\\Entity\\Lang',
  96 => 'PrestaShopBundle\\Entity\\ModuleHistory',
  97 => 'PrestaShopBundle\\Entity\\ProductDownload',
  98 => 'PrestaShopBundle\\Entity\\ProductIdentity',
  99 => 'PrestaShopBundle\\Entity\\Repository\\AdminFilterRepository',
  100 => 'PrestaShopBundle\\Entity\\Repository\\AttributeGroupLangRepository',
  101 => 'PrestaShopBundle\\Entity\\Repository\\AttributeGroupRepository',
  102 => 'PrestaShopBundle\\Entity\\Repository\\AttributeLangRepository',
  103 => 'PrestaShopBundle\\Entity\\Repository\\AttributeRepository',
  104 => 'PrestaShopBundle\\Entity\\Repository\\CategoryRepository',
  105 => 'PrestaShopBundle\\Entity\\Repository\\FeatureAttributeRepository',
  106 => 'PrestaShopBundle\\Entity\\Repository\\ImportMatchRepository',
  107 => 'PrestaShopBundle\\Entity\\Repository\\LangRepository',
  108 => 'PrestaShopBundle\\Entity\\Repository\\LogRepository',
  109 => 'PrestaShopBundle\\Entity\\Repository\\ManufacturerRepository',
  110 => 'PrestaShopBundle\\Entity\\Repository\\ModuleRepository',
  111 => 'PrestaShopBundle\\Entity\\Repository\\NormalizeFieldTrait',
  112 => 'PrestaShopBundle\\Entity\\Repository\\OrderInvoiceRepository',
  113 => 'PrestaShopBundle\\Entity\\Repository\\RequestSqlRepository',
  114 => 'PrestaShopBundle\\Entity\\Repository\\ShopGroupRepository',
  115 => 'PrestaShopBundle\\Entity\\Repository\\ShopRepository',
  116 => 'PrestaShopBundle\\Entity\\Repository\\StockManagementRepository',
  117 => 'PrestaShopBundle\\Entity\\Repository\\StockMovementRepository',
  118 => 'PrestaShopBundle\\Entity\\Repository\\StockRepository',
  119 => 'PrestaShopBundle\\Entity\\Repository\\SupplierRepository',
  120 => 'PrestaShopBundle\\Entity\\Repository\\TabLangRepository',
  121 => 'PrestaShopBundle\\Entity\\Repository\\TabRepository',
  122 => 'PrestaShopBundle\\Entity\\Repository\\TimezoneRepository',
  123 => 'PrestaShopBundle\\Entity\\Repository\\TranslationRepository',
  124 => 'PrestaShopBundle\\Entity\\Shop',
  125 => 'PrestaShopBundle\\Entity\\ShopGroup',
  126 => 'PrestaShopBundle\\Entity\\StockMvt',
  127 => 'PrestaShopBundle\\Entity\\Tab',
  128 => 'PrestaShopBundle\\Entity\\TabLang',
  129 => 'PrestaShopBundle\\Entity\\Translation',
  130 => 'PrestaShop\\Module\\LinkList\\Controller\\Admin\\Improve\\Design\\LinkBlockController',
  131 => 'PrestaShop\\PrestaShop\\Core\\Import\\Entity\\ImportEntityDeleterInterface',
  134 => 'Symfony\\Bundle\\FrameworkBundle\\Controller\\ControllerNameParser',
  135 => 'Symfony\\Bundle\\FrameworkBundle\\Controller\\ControllerResolver',
  136 => 'Symfony\\Bundle\\FrameworkBundle\\Controller\\ControllerTrait',
  137 => 'Symfony\\Bundle\\FrameworkBundle\\Controller\\RedirectController',
  138 => 'Symfony\\Bundle\\FrameworkBundle\\Controller\\TemplateController',
  139 => 'Symfony\\Bundle\\TwigBundle\\Controller\\ExceptionController',
  140 => 'Symfony\\Bundle\\TwigBundle\\Controller\\PreviewErrorController',
  141 => 'Symfony\\Bundle\\WebProfilerBundle\\Controller\\ExceptionController',
  142 => 'Symfony\\Bundle\\WebProfilerBundle\\Controller\\ProfilerController',
  143 => 'Symfony\\Bundle\\WebProfilerBundle\\Controller\\RouterController',
  144 => 'Symfony\\Component\\HttpKernel\\Controller\\ArgumentResolver',
  145 => 'Symfony\\Component\\HttpKernel\\Controller\\ArgumentResolverInterface',
  146 => 'Symfony\\Component\\HttpKernel\\Controller\\ArgumentResolver\\DefaultValueResolver',
  147 => 'Symfony\\Component\\HttpKernel\\Controller\\ArgumentResolver\\RequestAttributeValueResolver',
  148 => 'Symfony\\Component\\HttpKernel\\Controller\\ArgumentResolver\\RequestValueResolver',
  149 => 'Symfony\\Component\\HttpKernel\\Controller\\ArgumentResolver\\ServiceValueResolver',
  150 => 'Symfony\\Component\\HttpKernel\\Controller\\ArgumentResolver\\SessionValueResolver',
  151 => 'Symfony\\Component\\HttpKernel\\Controller\\ArgumentResolver\\VariadicValueResolver',
  152 => 'Symfony\\Component\\HttpKernel\\Controller\\ArgumentValueResolverInterface',
  153 => 'Symfony\\Component\\HttpKernel\\Controller\\ContainerControllerResolver',
  154 => 'Symfony\\Component\\HttpKernel\\Controller\\ControllerReference',
  155 => 'Symfony\\Component\\HttpKernel\\Controller\\ControllerResolver',
  156 => 'Symfony\\Component\\HttpKernel\\Controller\\ControllerResolverInterface',
  157 => 'Symfony\\Component\\HttpKernel\\Controller\\TraceableArgumentResolver',
  158 => 'Symfony\\Component\\HttpKernel\\Controller\\TraceableControllerResolver',
  159 => 'PrestaShop\\Module\\Mbo\\Controller\\Admin\\ModuleCatalogController',
  160 => 'PrestaShop\\Module\\Mbo\\Controller\\Admin\\ModuleRecommendedController',
  161 => 'PrestaShop\\Module\\Mbo\\Controller\\Admin\\ModuleSelectionController',
  162 => 'PrestaShop\\Module\\Mbo\\Controller\\Admin\\ThemeCatalogController',
);